Archive member included to satisfy reference by file (symbol)

c:/st/stm32cubeide_1.0.2/stm32cubeide/plugins/com.st.stm32cube.ide.mcu.externaltools.gnu-tools-for-stm32.7-2018-q2-update.win32_1.0.0.201904181610/tools/bin/../lib/gcc/arm-none-eabi/7.3.1/../../../../arm-none-eabi/lib/thumb/v7e-m/fpv4-sp/hard\libc_nano.a(lib_a-exit.o)
                              c:/st/stm32cubeide_1.0.2/stm32cubeide/plugins/com.st.stm32cube.ide.mcu.externaltools.gnu-tools-for-stm32.7-2018-q2-update.win32_1.0.0.201904181610/tools/bin/../lib/gcc/arm-none-eabi/7.3.1/../../../../arm-none-eabi/lib/thumb/v7e-m/fpv4-sp/hard/crt0.o (exit)
c:/st/stm32cubeide_1.0.2/stm32cubeide/plugins/com.st.stm32cube.ide.mcu.externaltools.gnu-tools-for-stm32.7-2018-q2-update.win32_1.0.0.201904181610/tools/bin/../lib/gcc/arm-none-eabi/7.3.1/../../../../arm-none-eabi/lib/thumb/v7e-m/fpv4-sp/hard\libc_nano.a(lib_a-impure.o)
                              c:/st/stm32cubeide_1.0.2/stm32cubeide/plugins/com.st.stm32cube.ide.mcu.externaltools.gnu-tools-for-stm32.7-2018-q2-update.win32_1.0.0.201904181610/tools/bin/../lib/gcc/arm-none-eabi/7.3.1/../../../../arm-none-eabi/lib/thumb/v7e-m/fpv4-sp/hard\libc_nano.a(lib_a-exit.o) (_global_impure_ptr)
c:/st/stm32cubeide_1.0.2/stm32cubeide/plugins/com.st.stm32cube.ide.mcu.externaltools.gnu-tools-for-stm32.7-2018-q2-update.win32_1.0.0.201904181610/tools/bin/../lib/gcc/arm-none-eabi/7.3.1/../../../../arm-none-eabi/lib/thumb/v7e-m/fpv4-sp/hard\libc_nano.a(lib_a-init.o)
                              c:/st/stm32cubeide_1.0.2/stm32cubeide/plugins/com.st.stm32cube.ide.mcu.externaltools.gnu-tools-for-stm32.7-2018-q2-update.win32_1.0.0.201904181610/tools/bin/../lib/gcc/arm-none-eabi/7.3.1/../../../../arm-none-eabi/lib/thumb/v7e-m/fpv4-sp/hard/crt0.o (__libc_init_array)
c:/st/stm32cubeide_1.0.2/stm32cubeide/plugins/com.st.stm32cube.ide.mcu.externaltools.gnu-tools-for-stm32.7-2018-q2-update.win32_1.0.0.201904181610/tools/bin/../lib/gcc/arm-none-eabi/7.3.1/../../../../arm-none-eabi/lib/thumb/v7e-m/fpv4-sp/hard\libc_nano.a(lib_a-memset.o)
                              c:/st/stm32cubeide_1.0.2/stm32cubeide/plugins/com.st.stm32cube.ide.mcu.externaltools.gnu-tools-for-stm32.7-2018-q2-update.win32_1.0.0.201904181610/tools/bin/../lib/gcc/arm-none-eabi/7.3.1/../../../../arm-none-eabi/lib/thumb/v7e-m/fpv4-sp/hard/crt0.o (memset)
c:/st/stm32cubeide_1.0.2/stm32cubeide/plugins/com.st.stm32cube.ide.mcu.externaltools.gnu-tools-for-stm32.7-2018-q2-update.win32_1.0.0.201904181610/tools/bin/../lib/gcc/arm-none-eabi/7.3.1/../../../../arm-none-eabi/lib/thumb/v7e-m/fpv4-sp/hard\libc_nano.a(lib_a-strlen.o)
                              Src/006spi_tx_testing.o (strlen)
c:/st/stm32cubeide_1.0.2/stm32cubeide/plugins/com.st.stm32cube.ide.mcu.externaltools.gnu-tools-for-stm32.7-2018-q2-update.win32_1.0.0.201904181610/tools/bin/../lib/gcc/arm-none-eabi/7.3.1/../../../../arm-none-eabi/lib/thumb/v7e-m/fpv4-sp/hard\libnosys.a(_exit.o)
                              c:/st/stm32cubeide_1.0.2/stm32cubeide/plugins/com.st.stm32cube.ide.mcu.externaltools.gnu-tools-for-stm32.7-2018-q2-update.win32_1.0.0.201904181610/tools/bin/../lib/gcc/arm-none-eabi/7.3.1/../../../../arm-none-eabi/lib/thumb/v7e-m/fpv4-sp/hard\libc_nano.a(lib_a-exit.o) (_exit)

Discarded input sections

 .text          0x0000000000000000        0x0 c:/st/stm32cubeide_1.0.2/stm32cubeide/plugins/com.st.stm32cube.ide.mcu.externaltools.gnu-tools-for-stm32.7-2018-q2-update.win32_1.0.0.201904181610/tools/bin/../lib/gcc/arm-none-eabi/7.3.1/thumb/v7e-m/fpv4-sp/hard/crti.o
 .data          0x0000000000000000        0x0 c:/st/stm32cubeide_1.0.2/stm32cubeide/plugins/com.st.stm32cube.ide.mcu.externaltools.gnu-tools-for-stm32.7-2018-q2-update.win32_1.0.0.201904181610/tools/bin/../lib/gcc/arm-none-eabi/7.3.1/thumb/v7e-m/fpv4-sp/hard/crti.o
 .bss           0x0000000000000000        0x0 c:/st/stm32cubeide_1.0.2/stm32cubeide/plugins/com.st.stm32cube.ide.mcu.externaltools.gnu-tools-for-stm32.7-2018-q2-update.win32_1.0.0.201904181610/tools/bin/../lib/gcc/arm-none-eabi/7.3.1/thumb/v7e-m/fpv4-sp/hard/crti.o
 .data          0x0000000000000000        0x4 c:/st/stm32cubeide_1.0.2/stm32cubeide/plugins/com.st.stm32cube.ide.mcu.externaltools.gnu-tools-for-stm32.7-2018-q2-update.win32_1.0.0.201904181610/tools/bin/../lib/gcc/arm-none-eabi/7.3.1/thumb/v7e-m/fpv4-sp/hard/crtbegin.o
 .text          0x0000000000000000       0x74 c:/st/stm32cubeide_1.0.2/stm32cubeide/plugins/com.st.stm32cube.ide.mcu.externaltools.gnu-tools-for-stm32.7-2018-q2-update.win32_1.0.0.201904181610/tools/bin/../lib/gcc/arm-none-eabi/7.3.1/../../../../arm-none-eabi/lib/thumb/v7e-m/fpv4-sp/hard/crt0.o
 .data          0x0000000000000000        0x0 c:/st/stm32cubeide_1.0.2/stm32cubeide/plugins/com.st.stm32cube.ide.mcu.externaltools.gnu-tools-for-stm32.7-2018-q2-update.win32_1.0.0.201904181610/tools/bin/../lib/gcc/arm-none-eabi/7.3.1/../../../../arm-none-eabi/lib/thumb/v7e-m/fpv4-sp/hard/crt0.o
 .bss           0x0000000000000000        0x0 c:/st/stm32cubeide_1.0.2/stm32cubeide/plugins/com.st.stm32cube.ide.mcu.externaltools.gnu-tools-for-stm32.7-2018-q2-update.win32_1.0.0.201904181610/tools/bin/../lib/gcc/arm-none-eabi/7.3.1/../../../../arm-none-eabi/lib/thumb/v7e-m/fpv4-sp/hard/crt0.o
 .ARM.extab     0x0000000000000000        0x0 c:/st/stm32cubeide_1.0.2/stm32cubeide/plugins/com.st.stm32cube.ide.mcu.externaltools.gnu-tools-for-stm32.7-2018-q2-update.win32_1.0.0.201904181610/tools/bin/../lib/gcc/arm-none-eabi/7.3.1/../../../../arm-none-eabi/lib/thumb/v7e-m/fpv4-sp/hard/crt0.o
 .ARM.exidx     0x0000000000000000        0x8 c:/st/stm32cubeide_1.0.2/stm32cubeide/plugins/com.st.stm32cube.ide.mcu.externaltools.gnu-tools-for-stm32.7-2018-q2-update.win32_1.0.0.201904181610/tools/bin/../lib/gcc/arm-none-eabi/7.3.1/../../../../arm-none-eabi/lib/thumb/v7e-m/fpv4-sp/hard/crt0.o
 .ARM.attributes
                0x0000000000000000       0x20 c:/st/stm32cubeide_1.0.2/stm32cubeide/plugins/com.st.stm32cube.ide.mcu.externaltools.gnu-tools-for-stm32.7-2018-q2-update.win32_1.0.0.201904181610/tools/bin/../lib/gcc/arm-none-eabi/7.3.1/../../../../arm-none-eabi/lib/thumb/v7e-m/fpv4-sp/hard/crt0.o
 .group         0x0000000000000000        0xc Src/006spi_tx_testing.o
 .group         0x0000000000000000        0xc Src/006spi_tx_testing.o
 .group         0x0000000000000000        0xc Src/006spi_tx_testing.o
 .group         0x0000000000000000        0xc Src/006spi_tx_testing.o
 .group         0x0000000000000000        0xc Src/006spi_tx_testing.o
 .group         0x0000000000000000        0xc Src/006spi_tx_testing.o
 .group         0x0000000000000000        0xc Src/006spi_tx_testing.o
 .group         0x0000000000000000        0xc Src/006spi_tx_testing.o
 .group         0x0000000000000000        0xc Src/006spi_tx_testing.o
 .group         0x0000000000000000        0xc Src/006spi_tx_testing.o
 .group         0x0000000000000000        0xc Src/006spi_tx_testing.o
 .group         0x0000000000000000        0xc Src/006spi_tx_testing.o
 .group         0x0000000000000000        0xc Src/006spi_tx_testing.o
 .group         0x0000000000000000        0xc Src/006spi_tx_testing.o
 .group         0x0000000000000000        0xc Src/006spi_tx_testing.o
 .group         0x0000000000000000        0xc Src/006spi_tx_testing.o
 .group         0x0000000000000000        0xc Src/006spi_tx_testing.o
 .group         0x0000000000000000        0xc Src/006spi_tx_testing.o
 .group         0x0000000000000000        0xc Src/006spi_tx_testing.o
 .group         0x0000000000000000        0xc Src/006spi_tx_testing.o
 .group         0x0000000000000000        0xc Src/006spi_tx_testing.o
 .group         0x0000000000000000        0xc Src/006spi_tx_testing.o
 .group         0x0000000000000000        0xc Src/006spi_tx_testing.o
 .group         0x0000000000000000        0xc Src/006spi_tx_testing.o
 .group         0x0000000000000000        0xc Src/006spi_tx_testing.o
 .text          0x0000000000000000        0x0 Src/006spi_tx_testing.o
 .data          0x0000000000000000        0x0 Src/006spi_tx_testing.o
 .bss           0x0000000000000000        0x0 Src/006spi_tx_testing.o
 .text          0x0000000000000000       0x14 Startup/startup_stm32f446retx.o
 .data          0x0000000000000000        0x0 Startup/startup_stm32f446retx.o
 .bss           0x0000000000000000        0x0 Startup/startup_stm32f446retx.o
 .group         0x0000000000000000        0xc drivers/Src/STM32F446RE_SPI_Driver.o
 .group         0x0000000000000000        0xc drivers/Src/STM32F446RE_SPI_Driver.o
 .group         0x0000000000000000        0xc drivers/Src/STM32F446RE_SPI_Driver.o
 .group         0x0000000000000000        0xc drivers/Src/STM32F446RE_SPI_Driver.o
 .group         0x0000000000000000        0xc drivers/Src/STM32F446RE_SPI_Driver.o
 .group         0x0000000000000000        0xc drivers/Src/STM32F446RE_SPI_Driver.o
 .group         0x0000000000000000        0xc drivers/Src/STM32F446RE_SPI_Driver.o
 .group         0x0000000000000000        0xc drivers/Src/STM32F446RE_SPI_Driver.o
 .group         0x0000000000000000        0xc drivers/Src/STM32F446RE_SPI_Driver.o
 .group         0x0000000000000000        0xc drivers/Src/STM32F446RE_SPI_Driver.o
 .group         0x0000000000000000        0xc drivers/Src/STM32F446RE_SPI_Driver.o
 .text          0x0000000000000000        0x0 drivers/Src/STM32F446RE_SPI_Driver.o
 .data          0x0000000000000000        0x0 drivers/Src/STM32F446RE_SPI_Driver.o
 .bss           0x0000000000000000        0x0 drivers/Src/STM32F446RE_SPI_Driver.o
 .data.pSPI1    0x0000000000000000        0x4 drivers/Src/STM32F446RE_SPI_Driver.o
 .data.pSPI2    0x0000000000000000        0x4 drivers/Src/STM32F446RE_SPI_Driver.o
 .data.pSPI3    0x0000000000000000        0x4 drivers/Src/STM32F446RE_SPI_Driver.o
 .data.pSPI4    0x0000000000000000        0x4 drivers/Src/STM32F446RE_SPI_Driver.o
 .text.SPI_DeInit
                0x0000000000000000       0x1e drivers/Src/STM32F446RE_SPI_Driver.o
 .text.SPI_ReceiveData
                0x0000000000000000       0x6a drivers/Src/STM32F446RE_SPI_Driver.o
 .text.SPI_SendDataIT
                0x0000000000000000       0x48 drivers/Src/STM32F446RE_SPI_Driver.o
 .text.SPI_ReceiveDataIT
                0x0000000000000000       0x48 drivers/Src/STM32F446RE_SPI_Driver.o
 .text.SPI_IRQITConfig
                0x0000000000000000      0x10c drivers/Src/STM32F446RE_SPI_Driver.o
 .text.SPI_IRQPriorityConfig
                0x0000000000000000       0x5c drivers/Src/STM32F446RE_SPI_Driver.o
 .text.SPI_IRQHandling
                0x0000000000000000       0x9a drivers/Src/STM32F446RE_SPI_Driver.o
 .text._spi_ITHandler_RXNE
                0x0000000000000000       0xa6 drivers/Src/STM32F446RE_SPI_Driver.o
 .text._spi_ITHandler_TXE
                0x0000000000000000       0xa6 drivers/Src/STM32F446RE_SPI_Driver.o
 .text._spi_ITHandler_OVR
                0x0000000000000000       0x40 drivers/Src/STM32F446RE_SPI_Driver.o
 .text._SPI_App_EventCallBack
                0x0000000000000000       0x18 drivers/Src/STM32F446RE_SPI_Driver.o
 .debug_macro   0x0000000000000000      0xa60 drivers/Src/STM32F446RE_SPI_Driver.o
 .debug_macro   0x0000000000000000       0x16 drivers/Src/STM32F446RE_SPI_Driver.o
 .debug_macro   0x0000000000000000       0x22 drivers/Src/STM32F446RE_SPI_Driver.o
 .debug_macro   0x0000000000000000       0x8e drivers/Src/STM32F446RE_SPI_Driver.o
 .debug_macro   0x0000000000000000       0x51 drivers/Src/STM32F446RE_SPI_Driver.o
 .debug_macro   0x0000000000000000       0xef drivers/Src/STM32F446RE_SPI_Driver.o
 .debug_macro   0x0000000000000000       0x6a drivers/Src/STM32F446RE_SPI_Driver.o
 .debug_macro   0x0000000000000000      0x1df drivers/Src/STM32F446RE_SPI_Driver.o
 .debug_macro   0x0000000000000000      0x174 drivers/Src/STM32F446RE_SPI_Driver.o
 .debug_macro   0x0000000000000000      0x429 drivers/Src/STM32F446RE_SPI_Driver.o
 .group         0x0000000000000000        0xc drivers/Src/STM32F446RE_gpio_driver.o
 .group         0x0000000000000000        0xc drivers/Src/STM32F446RE_gpio_driver.o
 .group         0x0000000000000000        0xc drivers/Src/STM32F446RE_gpio_driver.o
 .group         0x0000000000000000        0xc drivers/Src/STM32F446RE_gpio_driver.o
 .group         0x0000000000000000        0xc drivers/Src/STM32F446RE_gpio_driver.o
 .group         0x0000000000000000        0xc drivers/Src/STM32F446RE_gpio_driver.o
 .group         0x0000000000000000        0xc drivers/Src/STM32F446RE_gpio_driver.o
 .group         0x0000000000000000        0xc drivers/Src/STM32F446RE_gpio_driver.o
 .group         0x0000000000000000        0xc drivers/Src/STM32F446RE_gpio_driver.o
 .group         0x0000000000000000        0xc drivers/Src/STM32F446RE_gpio_driver.o
 .group         0x0000000000000000        0xc drivers/Src/STM32F446RE_gpio_driver.o
 .text          0x0000000000000000        0x0 drivers/Src/STM32F446RE_gpio_driver.o
 .data          0x0000000000000000        0x0 drivers/Src/STM32F446RE_gpio_driver.o
 .bss           0x0000000000000000        0x0 drivers/Src/STM32F446RE_gpio_driver.o
 .data.pGPIOA   0x0000000000000000        0x4 drivers/Src/STM32F446RE_gpio_driver.o
 .data.pGPIOB   0x0000000000000000        0x4 drivers/Src/STM32F446RE_gpio_driver.o
 .data.pGPIOC   0x0000000000000000        0x4 drivers/Src/STM32F446RE_gpio_driver.o
 .data.pGPIOD   0x0000000000000000        0x4 drivers/Src/STM32F446RE_gpio_driver.o
 .data.pGPIOE   0x0000000000000000        0x4 drivers/Src/STM32F446RE_gpio_driver.o
 .data.pGPIOF   0x0000000000000000        0x4 drivers/Src/STM32F446RE_gpio_driver.o
 .data.pGPIOG   0x0000000000000000        0x4 drivers/Src/STM32F446RE_gpio_driver.o
 .data.pGPIOH   0x0000000000000000        0x4 drivers/Src/STM32F446RE_gpio_driver.o
 .text.GPIO_DeInit
                0x0000000000000000      0x188 drivers/Src/STM32F446RE_gpio_driver.o
 .text.GPIO_ReadFromInputPin
                0x0000000000000000       0x2c drivers/Src/STM32F446RE_gpio_driver.o
 .text.GPIO_ReadFromInputPort
                0x0000000000000000       0x1c drivers/Src/STM32F446RE_gpio_driver.o
 .text.GPIO_WriteToOutputPin
                0x0000000000000000       0x4a drivers/Src/STM32F446RE_gpio_driver.o
 .text.GPIO_WriteToOutputPort
                0x0000000000000000       0x1e drivers/Src/STM32F446RE_gpio_driver.o
 .text.GPIO_ToggleOutputPin
                0x0000000000000000       0x2a drivers/Src/STM32F446RE_gpio_driver.o
 .text.GPIO_IRQITConfig
                0x0000000000000000      0x10c drivers/Src/STM32F446RE_gpio_driver.o
 .text.GPIO_IRQPriorityConfig
                0x0000000000000000       0x5c drivers/Src/STM32F446RE_gpio_driver.o
 .text.GPIO_IRQHandling
                0x0000000000000000       0x48 drivers/Src/STM32F446RE_gpio_driver.o
 .debug_macro   0x0000000000000000      0xa60 drivers/Src/STM32F446RE_gpio_driver.o
 .debug_macro   0x0000000000000000       0x16 drivers/Src/STM32F446RE_gpio_driver.o
 .debug_macro   0x0000000000000000       0x22 drivers/Src/STM32F446RE_gpio_driver.o
 .debug_macro   0x0000000000000000       0x8e drivers/Src/STM32F446RE_gpio_driver.o
 .debug_macro   0x0000000000000000       0x51 drivers/Src/STM32F446RE_gpio_driver.o
 .debug_macro   0x0000000000000000       0xef drivers/Src/STM32F446RE_gpio_driver.o
 .debug_macro   0x0000000000000000       0x6a drivers/Src/STM32F446RE_gpio_driver.o
 .debug_macro   0x0000000000000000      0x1df drivers/Src/STM32F446RE_gpio_driver.o
 .debug_macro   0x0000000000000000      0x174 drivers/Src/STM32F446RE_gpio_driver.o
 .debug_macro   0x0000000000000000      0x429 drivers/Src/STM32F446RE_gpio_driver.o
 .debug_macro   0x0000000000000000       0xc4 drivers/Src/STM32F446RE_gpio_driver.o
 .text          0x0000000000000000        0x0 c:/st/stm32cubeide_1.0.2/stm32cubeide/plugins/com.st.stm32cube.ide.mcu.externaltools.gnu-tools-for-stm32.7-2018-q2-update.win32_1.0.0.201904181610/tools/bin/../lib/gcc/arm-none-eabi/7.3.1/../../../../arm-none-eabi/lib/thumb/v7e-m/fpv4-sp/hard\libc_nano.a(lib_a-exit.o)
 .data          0x0000000000000000        0x0 c:/st/stm32cubeide_1.0.2/stm32cubeide/plugins/com.st.stm32cube.ide.mcu.externaltools.gnu-tools-for-stm32.7-2018-q2-update.win32_1.0.0.201904181610/tools/bin/../lib/gcc/arm-none-eabi/7.3.1/../../../../arm-none-eabi/lib/thumb/v7e-m/fpv4-sp/hard\libc_nano.a(lib_a-exit.o)
 .bss           0x0000000000000000        0x0 c:/st/stm32cubeide_1.0.2/stm32cubeide/plugins/com.st.stm32cube.ide.mcu.externaltools.gnu-tools-for-stm32.7-2018-q2-update.win32_1.0.0.201904181610/tools/bin/../lib/gcc/arm-none-eabi/7.3.1/../../../../arm-none-eabi/lib/thumb/v7e-m/fpv4-sp/hard\libc_nano.a(lib_a-exit.o)
 .text.exit     0x0000000000000000       0x28 c:/st/stm32cubeide_1.0.2/stm32cubeide/plugins/com.st.stm32cube.ide.mcu.externaltools.gnu-tools-for-stm32.7-2018-q2-update.win32_1.0.0.201904181610/tools/bin/../lib/gcc/arm-none-eabi/7.3.1/../../../../arm-none-eabi/lib/thumb/v7e-m/fpv4-sp/hard\libc_nano.a(lib_a-exit.o)
 .debug_frame   0x0000000000000000       0x28 c:/st/stm32cubeide_1.0.2/stm32cubeide/plugins/com.st.stm32cube.ide.mcu.externaltools.gnu-tools-for-stm32.7-2018-q2-update.win32_1.0.0.201904181610/tools/bin/../lib/gcc/arm-none-eabi/7.3.1/../../../../arm-none-eabi/lib/thumb/v7e-m/fpv4-sp/hard\libc_nano.a(lib_a-exit.o)
 .ARM.attributes
                0x0000000000000000       0x34 c:/st/stm32cubeide_1.0.2/stm32cubeide/plugins/com.st.stm32cube.ide.mcu.externaltools.gnu-tools-for-stm32.7-2018-q2-update.win32_1.0.0.201904181610/tools/bin/../lib/gcc/arm-none-eabi/7.3.1/../../../../arm-none-eabi/lib/thumb/v7e-m/fpv4-sp/hard\libc_nano.a(lib_a-exit.o)
 .text          0x0000000000000000        0x0 c:/st/stm32cubeide_1.0.2/stm32cubeide/plugins/com.st.stm32cube.ide.mcu.externaltools.gnu-tools-for-stm32.7-2018-q2-update.win32_1.0.0.201904181610/tools/bin/../lib/gcc/arm-none-eabi/7.3.1/../../../../arm-none-eabi/lib/thumb/v7e-m/fpv4-sp/hard\libc_nano.a(lib_a-impure.o)
 .data          0x0000000000000000        0x0 c:/st/stm32cubeide_1.0.2/stm32cubeide/plugins/com.st.stm32cube.ide.mcu.externaltools.gnu-tools-for-stm32.7-2018-q2-update.win32_1.0.0.201904181610/tools/bin/../lib/gcc/arm-none-eabi/7.3.1/../../../../arm-none-eabi/lib/thumb/v7e-m/fpv4-sp/hard\libc_nano.a(lib_a-impure.o)
 .bss           0x0000000000000000        0x0 c:/st/stm32cubeide_1.0.2/stm32cubeide/plugins/com.st.stm32cube.ide.mcu.externaltools.gnu-tools-for-stm32.7-2018-q2-update.win32_1.0.0.201904181610/tools/bin/../lib/gcc/arm-none-eabi/7.3.1/../../../../arm-none-eabi/lib/thumb/v7e-m/fpv4-sp/hard\libc_nano.a(lib_a-impure.o)
 .data._impure_ptr
                0x0000000000000000        0x4 c:/st/stm32cubeide_1.0.2/stm32cubeide/plugins/com.st.stm32cube.ide.mcu.externaltools.gnu-tools-for-stm32.7-2018-q2-update.win32_1.0.0.201904181610/tools/bin/../lib/gcc/arm-none-eabi/7.3.1/../../../../arm-none-eabi/lib/thumb/v7e-m/fpv4-sp/hard\libc_nano.a(lib_a-impure.o)
 .data.impure_data
                0x0000000000000000       0x60 c:/st/stm32cubeide_1.0.2/stm32cubeide/plugins/com.st.stm32cube.ide.mcu.externaltools.gnu-tools-for-stm32.7-2018-q2-update.win32_1.0.0.201904181610/tools/bin/../lib/gcc/arm-none-eabi/7.3.1/../../../../arm-none-eabi/lib/thumb/v7e-m/fpv4-sp/hard\libc_nano.a(lib_a-impure.o)
 .rodata._global_impure_ptr
                0x0000000000000000        0x4 c:/st/stm32cubeide_1.0.2/stm32cubeide/plugins/com.st.stm32cube.ide.mcu.externaltools.gnu-tools-for-stm32.7-2018-q2-update.win32_1.0.0.201904181610/tools/bin/../lib/gcc/arm-none-eabi/7.3.1/../../../../arm-none-eabi/lib/thumb/v7e-m/fpv4-sp/hard\libc_nano.a(lib_a-impure.o)
 .ARM.attributes
                0x0000000000000000       0x34 c:/st/stm32cubeide_1.0.2/stm32cubeide/plugins/com.st.stm32cube.ide.mcu.externaltools.gnu-tools-for-stm32.7-2018-q2-update.win32_1.0.0.201904181610/tools/bin/../lib/gcc/arm-none-eabi/7.3.1/../../../../arm-none-eabi/lib/thumb/v7e-m/fpv4-sp/hard\libc_nano.a(lib_a-impure.o)
 .text          0x0000000000000000        0x0 c:/st/stm32cubeide_1.0.2/stm32cubeide/plugins/com.st.stm32cube.ide.mcu.externaltools.gnu-tools-for-stm32.7-2018-q2-update.win32_1.0.0.201904181610/tools/bin/../lib/gcc/arm-none-eabi/7.3.1/../../../../arm-none-eabi/lib/thumb/v7e-m/fpv4-sp/hard\libc_nano.a(lib_a-init.o)
 .data          0x0000000000000000        0x0 c:/st/stm32cubeide_1.0.2/stm32cubeide/plugins/com.st.stm32cube.ide.mcu.externaltools.gnu-tools-for-stm32.7-2018-q2-update.win32_1.0.0.201904181610/tools/bin/../lib/gcc/arm-none-eabi/7.3.1/../../../../arm-none-eabi/lib/thumb/v7e-m/fpv4-sp/hard\libc_nano.a(lib_a-init.o)
 .bss           0x0000000000000000        0x0 c:/st/stm32cubeide_1.0.2/stm32cubeide/plugins/com.st.stm32cube.ide.mcu.externaltools.gnu-tools-for-stm32.7-2018-q2-update.win32_1.0.0.201904181610/tools/bin/../lib/gcc/arm-none-eabi/7.3.1/../../../../arm-none-eabi/lib/thumb/v7e-m/fpv4-sp/hard\libc_nano.a(lib_a-init.o)
 .text          0x0000000000000000        0x0 c:/st/stm32cubeide_1.0.2/stm32cubeide/plugins/com.st.stm32cube.ide.mcu.externaltools.gnu-tools-for-stm32.7-2018-q2-update.win32_1.0.0.201904181610/tools/bin/../lib/gcc/arm-none-eabi/7.3.1/../../../../arm-none-eabi/lib/thumb/v7e-m/fpv4-sp/hard\libc_nano.a(lib_a-memset.o)
 .data          0x0000000000000000        0x0 c:/st/stm32cubeide_1.0.2/stm32cubeide/plugins/com.st.stm32cube.ide.mcu.externaltools.gnu-tools-for-stm32.7-2018-q2-update.win32_1.0.0.201904181610/tools/bin/../lib/gcc/arm-none-eabi/7.3.1/../../../../arm-none-eabi/lib/thumb/v7e-m/fpv4-sp/hard\libc_nano.a(lib_a-memset.o)
 .bss           0x0000000000000000        0x0 c:/st/stm32cubeide_1.0.2/stm32cubeide/plugins/com.st.stm32cube.ide.mcu.externaltools.gnu-tools-for-stm32.7-2018-q2-update.win32_1.0.0.201904181610/tools/bin/../lib/gcc/arm-none-eabi/7.3.1/../../../../arm-none-eabi/lib/thumb/v7e-m/fpv4-sp/hard\libc_nano.a(lib_a-memset.o)
 .data          0x0000000000000000        0x0 c:/st/stm32cubeide_1.0.2/stm32cubeide/plugins/com.st.stm32cube.ide.mcu.externaltools.gnu-tools-for-stm32.7-2018-q2-update.win32_1.0.0.201904181610/tools/bin/../lib/gcc/arm-none-eabi/7.3.1/../../../../arm-none-eabi/lib/thumb/v7e-m/fpv4-sp/hard\libc_nano.a(lib_a-strlen.o)
 .bss           0x0000000000000000        0x0 c:/st/stm32cubeide_1.0.2/stm32cubeide/plugins/com.st.stm32cube.ide.mcu.externaltools.gnu-tools-for-stm32.7-2018-q2-update.win32_1.0.0.201904181610/tools/bin/../lib/gcc/arm-none-eabi/7.3.1/../../../../arm-none-eabi/lib/thumb/v7e-m/fpv4-sp/hard\libc_nano.a(lib_a-strlen.o)
 .text          0x0000000000000000        0x0 c:/st/stm32cubeide_1.0.2/stm32cubeide/plugins/com.st.stm32cube.ide.mcu.externaltools.gnu-tools-for-stm32.7-2018-q2-update.win32_1.0.0.201904181610/tools/bin/../lib/gcc/arm-none-eabi/7.3.1/../../../../arm-none-eabi/lib/thumb/v7e-m/fpv4-sp/hard\libnosys.a(_exit.o)
 .data          0x0000000000000000        0x0 c:/st/stm32cubeide_1.0.2/stm32cubeide/plugins/com.st.stm32cube.ide.mcu.externaltools.gnu-tools-for-stm32.7-2018-q2-update.win32_1.0.0.201904181610/tools/bin/../lib/gcc/arm-none-eabi/7.3.1/../../../../arm-none-eabi/lib/thumb/v7e-m/fpv4-sp/hard\libnosys.a(_exit.o)
 .bss           0x0000000000000000        0x0 c:/st/stm32cubeide_1.0.2/stm32cubeide/plugins/com.st.stm32cube.ide.mcu.externaltools.gnu-tools-for-stm32.7-2018-q2-update.win32_1.0.0.201904181610/tools/bin/../lib/gcc/arm-none-eabi/7.3.1/../../../../arm-none-eabi/lib/thumb/v7e-m/fpv4-sp/hard\libnosys.a(_exit.o)
 .text._exit    0x0000000000000000        0x2 c:/st/stm32cubeide_1.0.2/stm32cubeide/plugins/com.st.stm32cube.ide.mcu.externaltools.gnu-tools-for-stm32.7-2018-q2-update.win32_1.0.0.201904181610/tools/bin/../lib/gcc/arm-none-eabi/7.3.1/../../../../arm-none-eabi/lib/thumb/v7e-m/fpv4-sp/hard\libnosys.a(_exit.o)
 .debug_frame   0x0000000000000000       0x20 c:/st/stm32cubeide_1.0.2/stm32cubeide/plugins/com.st.stm32cube.ide.mcu.externaltools.gnu-tools-for-stm32.7-2018-q2-update.win32_1.0.0.201904181610/tools/bin/../lib/gcc/arm-none-eabi/7.3.1/../../../../arm-none-eabi/lib/thumb/v7e-m/fpv4-sp/hard\libnosys.a(_exit.o)
 .ARM.attributes
                0x0000000000000000       0x34 c:/st/stm32cubeide_1.0.2/stm32cubeide/plugins/com.st.stm32cube.ide.mcu.externaltools.gnu-tools-for-stm32.7-2018-q2-update.win32_1.0.0.201904181610/tools/bin/../lib/gcc/arm-none-eabi/7.3.1/../../../../arm-none-eabi/lib/thumb/v7e-m/fpv4-sp/hard\libnosys.a(_exit.o)
 .text          0x0000000000000000        0x0 c:/st/stm32cubeide_1.0.2/stm32cubeide/plugins/com.st.stm32cube.ide.mcu.externaltools.gnu-tools-for-stm32.7-2018-q2-update.win32_1.0.0.201904181610/tools/bin/../lib/gcc/arm-none-eabi/7.3.1/thumb/v7e-m/fpv4-sp/hard/crtend.o
 .data          0x0000000000000000        0x0 c:/st/stm32cubeide_1.0.2/stm32cubeide/plugins/com.st.stm32cube.ide.mcu.externaltools.gnu-tools-for-stm32.7-2018-q2-update.win32_1.0.0.201904181610/tools/bin/../lib/gcc/arm-none-eabi/7.3.1/thumb/v7e-m/fpv4-sp/hard/crtend.o
 .bss           0x0000000000000000        0x0 c:/st/stm32cubeide_1.0.2/stm32cubeide/plugins/com.st.stm32cube.ide.mcu.externaltools.gnu-tools-for-stm32.7-2018-q2-update.win32_1.0.0.201904181610/tools/bin/../lib/gcc/arm-none-eabi/7.3.1/thumb/v7e-m/fpv4-sp/hard/crtend.o
 .eh_frame      0x0000000000000000        0x4 c:/st/stm32cubeide_1.0.2/stm32cubeide/plugins/com.st.stm32cube.ide.mcu.externaltools.gnu-tools-for-stm32.7-2018-q2-update.win32_1.0.0.201904181610/tools/bin/../lib/gcc/arm-none-eabi/7.3.1/thumb/v7e-m/fpv4-sp/hard/crtend.o
 .ARM.attributes
                0x0000000000000000       0x34 c:/st/stm32cubeide_1.0.2/stm32cubeide/plugins/com.st.stm32cube.ide.mcu.externaltools.gnu-tools-for-stm32.7-2018-q2-update.win32_1.0.0.201904181610/tools/bin/../lib/gcc/arm-none-eabi/7.3.1/thumb/v7e-m/fpv4-sp/hard/crtend.o
 .text          0x0000000000000000        0x0 c:/st/stm32cubeide_1.0.2/stm32cubeide/plugins/com.st.stm32cube.ide.mcu.externaltools.gnu-tools-for-stm32.7-2018-q2-update.win32_1.0.0.201904181610/tools/bin/../lib/gcc/arm-none-eabi/7.3.1/thumb/v7e-m/fpv4-sp/hard/crtn.o
 .data          0x0000000000000000        0x0 c:/st/stm32cubeide_1.0.2/stm32cubeide/plugins/com.st.stm32cube.ide.mcu.externaltools.gnu-tools-for-stm32.7-2018-q2-update.win32_1.0.0.201904181610/tools/bin/../lib/gcc/arm-none-eabi/7.3.1/thumb/v7e-m/fpv4-sp/hard/crtn.o
 .bss           0x0000000000000000        0x0 c:/st/stm32cubeide_1.0.2/stm32cubeide/plugins/com.st.stm32cube.ide.mcu.externaltools.gnu-tools-for-stm32.7-2018-q2-update.win32_1.0.0.201904181610/tools/bin/../lib/gcc/arm-none-eabi/7.3.1/thumb/v7e-m/fpv4-sp/hard/crtn.o

Memory Configuration

Name             Origin             Length             Attributes
RAM              0x0000000020000000 0x0000000000020000 xrw
ROM              0x0000000008000000 0x0000000000080000 xr
*default*        0x0000000000000000 0xffffffffffffffff

Linker script and memory map

LOAD c:/st/stm32cubeide_1.0.2/stm32cubeide/plugins/com.st.stm32cube.ide.mcu.externaltools.gnu-tools-for-stm32.7-2018-q2-update.win32_1.0.0.201904181610/tools/bin/../lib/gcc/arm-none-eabi/7.3.1/thumb/v7e-m/fpv4-sp/hard/crti.o
LOAD c:/st/stm32cubeide_1.0.2/stm32cubeide/plugins/com.st.stm32cube.ide.mcu.externaltools.gnu-tools-for-stm32.7-2018-q2-update.win32_1.0.0.201904181610/tools/bin/../lib/gcc/arm-none-eabi/7.3.1/thumb/v7e-m/fpv4-sp/hard/crtbegin.o
LOAD c:/st/stm32cubeide_1.0.2/stm32cubeide/plugins/com.st.stm32cube.ide.mcu.externaltools.gnu-tools-for-stm32.7-2018-q2-update.win32_1.0.0.201904181610/tools/bin/../lib/gcc/arm-none-eabi/7.3.1/../../../../arm-none-eabi/lib/thumb/v7e-m/fpv4-sp/hard/crt0.o
LOAD Src/006spi_tx_testing.o
LOAD Startup/startup_stm32f446retx.o
LOAD drivers/Src/STM32F446RE_SPI_Driver.o
LOAD drivers/Src/STM32F446RE_gpio_driver.o
START GROUP
LOAD c:/st/stm32cubeide_1.0.2/stm32cubeide/plugins/com.st.stm32cube.ide.mcu.externaltools.gnu-tools-for-stm32.7-2018-q2-update.win32_1.0.0.201904181610/tools/bin/../lib/gcc/arm-none-eabi/7.3.1/../../../../arm-none-eabi/lib/thumb/v7e-m/fpv4-sp/hard\libc_nano.a
LOAD c:/st/stm32cubeide_1.0.2/stm32cubeide/plugins/com.st.stm32cube.ide.mcu.externaltools.gnu-tools-for-stm32.7-2018-q2-update.win32_1.0.0.201904181610/tools/bin/../lib/gcc/arm-none-eabi/7.3.1/../../../../arm-none-eabi/lib/thumb/v7e-m/fpv4-sp/hard\libm.a
END GROUP
START GROUP
LOAD c:/st/stm32cubeide_1.0.2/stm32cubeide/plugins/com.st.stm32cube.ide.mcu.externaltools.gnu-tools-for-stm32.7-2018-q2-update.win32_1.0.0.201904181610/tools/bin/../lib/gcc/arm-none-eabi/7.3.1/thumb/v7e-m/fpv4-sp/hard\libgcc.a
LOAD c:/st/stm32cubeide_1.0.2/stm32cubeide/plugins/com.st.stm32cube.ide.mcu.externaltools.gnu-tools-for-stm32.7-2018-q2-update.win32_1.0.0.201904181610/tools/bin/../lib/gcc/arm-none-eabi/7.3.1/../../../../arm-none-eabi/lib/thumb/v7e-m/fpv4-sp/hard\libc_nano.a
END GROUP
START GROUP
LOAD c:/st/stm32cubeide_1.0.2/stm32cubeide/plugins/com.st.stm32cube.ide.mcu.externaltools.gnu-tools-for-stm32.7-2018-q2-update.win32_1.0.0.201904181610/tools/bin/../lib/gcc/arm-none-eabi/7.3.1/thumb/v7e-m/fpv4-sp/hard\libgcc.a
LOAD c:/st/stm32cubeide_1.0.2/stm32cubeide/plugins/com.st.stm32cube.ide.mcu.externaltools.gnu-tools-for-stm32.7-2018-q2-update.win32_1.0.0.201904181610/tools/bin/../lib/gcc/arm-none-eabi/7.3.1/../../../../arm-none-eabi/lib/thumb/v7e-m/fpv4-sp/hard\libc_nano.a
LOAD c:/st/stm32cubeide_1.0.2/stm32cubeide/plugins/com.st.stm32cube.ide.mcu.externaltools.gnu-tools-for-stm32.7-2018-q2-update.win32_1.0.0.201904181610/tools/bin/../lib/gcc/arm-none-eabi/7.3.1/../../../../arm-none-eabi/lib/thumb/v7e-m/fpv4-sp/hard\libnosys.a
END GROUP
START GROUP
LOAD c:/st/stm32cubeide_1.0.2/stm32cubeide/plugins/com.st.stm32cube.ide.mcu.externaltools.gnu-tools-for-stm32.7-2018-q2-update.win32_1.0.0.201904181610/tools/bin/../lib/gcc/arm-none-eabi/7.3.1/thumb/v7e-m/fpv4-sp/hard\libgcc.a
LOAD c:/st/stm32cubeide_1.0.2/stm32cubeide/plugins/com.st.stm32cube.ide.mcu.externaltools.gnu-tools-for-stm32.7-2018-q2-update.win32_1.0.0.201904181610/tools/bin/../lib/gcc/arm-none-eabi/7.3.1/../../../../arm-none-eabi/lib/thumb/v7e-m/fpv4-sp/hard\libc_nano.a
LOAD c:/st/stm32cubeide_1.0.2/stm32cubeide/plugins/com.st.stm32cube.ide.mcu.externaltools.gnu-tools-for-stm32.7-2018-q2-update.win32_1.0.0.201904181610/tools/bin/../lib/gcc/arm-none-eabi/7.3.1/../../../../arm-none-eabi/lib/thumb/v7e-m/fpv4-sp/hard\libnosys.a
END GROUP
LOAD c:/st/stm32cubeide_1.0.2/stm32cubeide/plugins/com.st.stm32cube.ide.mcu.externaltools.gnu-tools-for-stm32.7-2018-q2-update.win32_1.0.0.201904181610/tools/bin/../lib/gcc/arm-none-eabi/7.3.1/thumb/v7e-m/fpv4-sp/hard/crtend.o
LOAD c:/st/stm32cubeide_1.0.2/stm32cubeide/plugins/com.st.stm32cube.ide.mcu.externaltools.gnu-tools-for-stm32.7-2018-q2-update.win32_1.0.0.201904181610/tools/bin/../lib/gcc/arm-none-eabi/7.3.1/thumb/v7e-m/fpv4-sp/hard/crtn.o
                0x0000000020020000                _estack = 0x20020000
                0x0000000000000200                _Min_Heap_Size = 0x200
                0x0000000000000400                _Min_Stack_Size = 0x400

.isr_vector     0x0000000008000000      0x1c4
                0x0000000008000000                . = ALIGN (0x4)
 *(.isr_vector)
 .isr_vector    0x0000000008000000      0x1c4 Startup/startup_stm32f446retx.o
                0x0000000008000000                g_pfnVectors
                0x00000000080001c4                . = ALIGN (0x4)

.text           0x00000000080001c4      0x9d0
                0x00000000080001c4                . = ALIGN (0x4)
 *(.text)
 .text          0x00000000080001c4       0x40 c:/st/stm32cubeide_1.0.2/stm32cubeide/plugins/com.st.stm32cube.ide.mcu.externaltools.gnu-tools-for-stm32.7-2018-q2-update.win32_1.0.0.201904181610/tools/bin/../lib/gcc/arm-none-eabi/7.3.1/thumb/v7e-m/fpv4-sp/hard/crtbegin.o
 .text          0x0000000008000204       0x10 c:/st/stm32cubeide_1.0.2/stm32cubeide/plugins/com.st.stm32cube.ide.mcu.externaltools.gnu-tools-for-stm32.7-2018-q2-update.win32_1.0.0.201904181610/tools/bin/../lib/gcc/arm-none-eabi/7.3.1/../../../../arm-none-eabi/lib/thumb/v7e-m/fpv4-sp/hard\libc_nano.a(lib_a-strlen.o)
                0x0000000008000204                strlen
 *(.text*)
 .text._SPI_GPIO_INITS
                0x0000000008000214       0x68 Src/006spi_tx_testing.o
                0x0000000008000214                _SPI_GPIO_INITS
 .text._SPI2_INITS
                0x000000000800027c       0x44 Src/006spi_tx_testing.o
                0x000000000800027c                _SPI2_INITS
 .text.main     0x00000000080002c0       0x3c Src/006spi_tx_testing.o
                0x00000000080002c0                main
 .text.Reset_Handler
                0x00000000080002fc       0x50 Startup/startup_stm32f446retx.o
                0x00000000080002fc                Reset_Handler
 .text.Default_Handler
                0x000000000800034c        0x2 Startup/startup_stm32f446retx.o
                0x000000000800034c                RTC_Alarm_IRQHandler
                0x000000000800034c                EXTI2_IRQHandler
                0x000000000800034c                TIM8_CC_IRQHandler
                0x000000000800034c                SPDIF_Rx_IRQHandler
                0x000000000800034c                DebugMon_Handler
                0x000000000800034c                SPI4_IRQHandler
                0x000000000800034c                TIM1_CC_IRQHandler
                0x000000000800034c                QuadSPI_IRQHandler
                0x000000000800034c                DMA2_Stream5_IRQHandler
                0x000000000800034c                HardFault_Handler
                0x000000000800034c                DMA1_Stream5_IRQHandler
                0x000000000800034c                SysTick_Handler
                0x000000000800034c                PVD_IRQHandler
                0x000000000800034c                SDIO_IRQHandler
                0x000000000800034c                TAMP_STAMP_IRQHandler
                0x000000000800034c                PendSV_Handler
                0x000000000800034c                NMI_Handler
                0x000000000800034c                CAN2_RX1_IRQHandler
                0x000000000800034c                EXTI3_IRQHandler
                0x000000000800034c                TIM8_TRG_COM_TIM14_IRQHandler
                0x000000000800034c                TIM1_UP_TIM10_IRQHandler
                0x000000000800034c                FMPI2C1_error_IRQHandler
                0x000000000800034c                TIM8_UP_TIM13_IRQHandler
                0x000000000800034c                I2C3_ER_IRQHandler
                0x000000000800034c                EXTI0_IRQHandler
                0x000000000800034c                I2C2_EV_IRQHandler
                0x000000000800034c                DMA1_Stream2_IRQHandler
                0x000000000800034c                CAN1_RX0_IRQHandler
                0x000000000800034c                FPU_IRQHandler
                0x000000000800034c                OTG_HS_WKUP_IRQHandler
                0x000000000800034c                UsageFault_Handler
                0x000000000800034c                CAN2_SCE_IRQHandler
                0x000000000800034c                DMA2_Stream2_IRQHandler
                0x000000000800034c                SPI1_IRQHandler
                0x000000000800034c                TIM6_DAC_IRQHandler
                0x000000000800034c                TIM1_BRK_TIM9_IRQHandler
                0x000000000800034c                DCMI_IRQHandler
                0x000000000800034c                CAN2_RX0_IRQHandler
                0x000000000800034c                DMA2_Stream3_IRQHandler
                0x000000000800034c                FMPI2C1_IRQHandler
                0x000000000800034c                SAI2_IRQHandler
                0x000000000800034c                USART6_IRQHandler
                0x000000000800034c                USART3_IRQHandler
                0x000000000800034c                CAN1_RX1_IRQHandler
                0x000000000800034c                UART5_IRQHandler
                0x000000000800034c                DMA2_Stream0_IRQHandler
                0x000000000800034c                TIM4_IRQHandler
                0x000000000800034c                I2C1_EV_IRQHandler
                0x000000000800034c                HDMI_CEC_IRQHandler
                0x000000000800034c                DMA1_Stream6_IRQHandler
                0x000000000800034c                DMA1_Stream1_IRQHandler
                0x000000000800034c                UART4_IRQHandler
                0x000000000800034c                TIM3_IRQHandler
                0x000000000800034c                RCC_IRQHandler
                0x000000000800034c                TIM8_BRK_TIM12_IRQHandler
                0x000000000800034c                Default_Handler
                0x000000000800034c                EXTI15_10_IRQHandler
                0x000000000800034c                ADC_IRQHandler
                0x000000000800034c                DMA1_Stream7_IRQHandler
                0x000000000800034c                TIM7_IRQHandler
                0x000000000800034c                CAN2_TX_IRQHandler
                0x000000000800034c                TIM5_IRQHandler
                0x000000000800034c                DMA2_Stream7_IRQHandler
                0x000000000800034c                I2C3_EV_IRQHandler
                0x000000000800034c                EXTI9_5_IRQHandler
                0x000000000800034c                RTC_WKUP_IRQHandler
                0x000000000800034c                SPI2_IRQHandler
                0x000000000800034c                OTG_HS_EP1_IN_IRQHandler
                0x000000000800034c                MemManage_Handler
                0x000000000800034c                DMA1_Stream0_IRQHandler
                0x000000000800034c                CAN1_TX_IRQHandler
                0x000000000800034c                SVC_Handler
                0x000000000800034c                EXTI4_IRQHandler
                0x000000000800034c                OTG_HS_EP1_OUT_IRQHandler
                0x000000000800034c                WWDG_IRQHandler
                0x000000000800034c                TIM2_IRQHandler
                0x000000000800034c                OTG_FS_WKUP_IRQHandler
                0x000000000800034c                TIM1_TRG_COM_TIM11_IRQHandler
                0x000000000800034c                OTG_HS_IRQHandler
                0x000000000800034c                EXTI1_IRQHandler
                0x000000000800034c                USART2_IRQHandler
                0x000000000800034c                I2C2_ER_IRQHandler
                0x000000000800034c                DMA2_Stream1_IRQHandler
                0x000000000800034c                CAN1_SCE_IRQHandler
                0x000000000800034c                FLASH_IRQHandler
                0x000000000800034c                DMA2_Stream4_IRQHandler
                0x000000000800034c                BusFault_Handler
                0x000000000800034c                USART1_IRQHandler
                0x000000000800034c                OTG_FS_IRQHandler
                0x000000000800034c                SPI3_IRQHandler
                0x000000000800034c                DMA1_Stream4_IRQHandler
                0x000000000800034c                I2C1_ER_IRQHandler
                0x000000000800034c                FMC_IRQHandler
                0x000000000800034c                DMA2_Stream6_IRQHandler
                0x000000000800034c                SAI1_IRQHandler
                0x000000000800034c                DMA1_Stream3_IRQHandler
 .text._SPI_Get_FlagStatus
                0x000000000800034e       0x28 drivers/Src/STM32F446RE_SPI_Driver.o
                0x000000000800034e                _SPI_Get_FlagStatus
 *fill*         0x0000000008000376        0x2 
 .text.SPI_PeriClockControl
                0x0000000008000378      0x118 drivers/Src/STM32F446RE_SPI_Driver.o
                0x0000000008000378                SPI_PeriClockControl
 .text.SPI_Init
                0x0000000008000490       0xc8 drivers/Src/STM32F446RE_SPI_Driver.o
                0x0000000008000490                SPI_Init
 .text.SPI_SendData
                0x0000000008000558       0x6c drivers/Src/STM32F446RE_SPI_Driver.o
                0x0000000008000558                SPI_SendData
 .text.GPIO_PeriClockControl
                0x00000000080005c4      0x1e0 drivers/Src/STM32F446RE_gpio_driver.o
                0x00000000080005c4                GPIO_PeriClockControl
 .text.SYSCFG_PeriClockControl
                0x00000000080007a4       0x44 drivers/Src/STM32F446RE_gpio_driver.o
                0x00000000080007a4                SYSCFG_PeriClockControl
 .text.GPIO_Init
                0x00000000080007e8      0x33c drivers/Src/STM32F446RE_gpio_driver.o
                0x00000000080007e8                GPIO_Init
 .text.__libc_init_array
                0x0000000008000b24       0x48 c:/st/stm32cubeide_1.0.2/stm32cubeide/plugins/com.st.stm32cube.ide.mcu.externaltools.gnu-tools-for-stm32.7-2018-q2-update.win32_1.0.0.201904181610/tools/bin/../lib/gcc/arm-none-eabi/7.3.1/../../../../arm-none-eabi/lib/thumb/v7e-m/fpv4-sp/hard\libc_nano.a(lib_a-init.o)
                0x0000000008000b24                __libc_init_array
 .text.memset   0x0000000008000b6c       0x10 c:/st/stm32cubeide_1.0.2/stm32cubeide/plugins/com.st.stm32cube.ide.mcu.externaltools.gnu-tools-for-stm32.7-2018-q2-update.win32_1.0.0.201904181610/tools/bin/../lib/gcc/arm-none-eabi/7.3.1/../../../../arm-none-eabi/lib/thumb/v7e-m/fpv4-sp/hard\libc_nano.a(lib_a-memset.o)
                0x0000000008000b6c                memset
 *(.glue_7)
 .glue_7        0x0000000008000b7c        0x0 linker stubs
 *(.glue_7t)
 .glue_7t       0x0000000008000b7c        0x0 linker stubs
 *(.eh_frame)
 .eh_frame      0x0000000008000b7c        0x0 c:/st/stm32cubeide_1.0.2/stm32cubeide/plugins/com.st.stm32cube.ide.mcu.externaltools.gnu-tools-for-stm32.7-2018-q2-update.win32_1.0.0.201904181610/tools/bin/../lib/gcc/arm-none-eabi/7.3.1/thumb/v7e-m/fpv4-sp/hard/crtbegin.o
 *(.init)
 .init          0x0000000008000b7c        0x4 c:/st/stm32cubeide_1.0.2/stm32cubeide/plugins/com.st.stm32cube.ide.mcu.externaltools.gnu-tools-for-stm32.7-2018-q2-update.win32_1.0.0.201904181610/tools/bin/../lib/gcc/arm-none-eabi/7.3.1/thumb/v7e-m/fpv4-sp/hard/crti.o
                0x0000000008000b7c                _init
 .init          0x0000000008000b80        0x8 c:/st/stm32cubeide_1.0.2/stm32cubeide/plugins/com.st.stm32cube.ide.mcu.externaltools.gnu-tools-for-stm32.7-2018-q2-update.win32_1.0.0.201904181610/tools/bin/../lib/gcc/arm-none-eabi/7.3.1/thumb/v7e-m/fpv4-sp/hard/crtn.o
 *(.fini)
 .fini          0x0000000008000b88        0x4 c:/st/stm32cubeide_1.0.2/stm32cubeide/plugins/com.st.stm32cube.ide.mcu.externaltools.gnu-tools-for-stm32.7-2018-q2-update.win32_1.0.0.201904181610/tools/bin/../lib/gcc/arm-none-eabi/7.3.1/thumb/v7e-m/fpv4-sp/hard/crti.o
                0x0000000008000b88                _fini
 .fini          0x0000000008000b8c        0x8 c:/st/stm32cubeide_1.0.2/stm32cubeide/plugins/com.st.stm32cube.ide.mcu.externaltools.gnu-tools-for-stm32.7-2018-q2-update.win32_1.0.0.201904181610/tools/bin/../lib/gcc/arm-none-eabi/7.3.1/thumb/v7e-m/fpv4-sp/hard/crtn.o
                0x0000000008000b94                . = ALIGN (0x4)
                0x0000000008000b94                _etext = .

.vfp11_veneer   0x0000000008000b94        0x0
 .vfp11_veneer  0x0000000008000b94        0x0 linker stubs

.v4_bx          0x0000000008000b94        0x0
 .v4_bx         0x0000000008000b94        0x0 linker stubs

.iplt           0x0000000008000b94        0x0
 .iplt          0x0000000008000b94        0x0 c:/st/stm32cubeide_1.0.2/stm32cubeide/plugins/com.st.stm32cube.ide.mcu.externaltools.gnu-tools-for-stm32.7-2018-q2-update.win32_1.0.0.201904181610/tools/bin/../lib/gcc/arm-none-eabi/7.3.1/thumb/v7e-m/fpv4-sp/hard/crtbegin.o

.rodata         0x0000000008000b94        0xc
                0x0000000008000b94                . = ALIGN (0x4)
 *(.rodata)
 .rodata        0x0000000008000b94        0xc Src/006spi_tx_testing.o
 *(.rodata*)
                0x0000000008000ba0                . = ALIGN (0x4)

.rel.dyn        0x0000000008000ba0        0x0
 .rel.iplt      0x0000000008000ba0        0x0 c:/st/stm32cubeide_1.0.2/stm32cubeide/plugins/com.st.stm32cube.ide.mcu.externaltools.gnu-tools-for-stm32.7-2018-q2-update.win32_1.0.0.201904181610/tools/bin/../lib/gcc/arm-none-eabi/7.3.1/thumb/v7e-m/fpv4-sp/hard/crtbegin.o

.ARM.extab      0x0000000008000ba0        0x0
                0x0000000008000ba0                . = ALIGN (0x4)
 *(.ARM.extab* .gnu.linkonce.armextab.*)
                0x0000000008000ba0                . = ALIGN (0x4)

.ARM            0x0000000008000ba0        0x0
                0x0000000008000ba0                . = ALIGN (0x4)
                0x0000000008000ba0                __exidx_start = .
 *(.ARM.exidx*)
                0x0000000008000ba0                __exidx_end = .
                0x0000000008000ba0                . = ALIGN (0x4)

.preinit_array  0x0000000008000ba0        0x0
                0x0000000008000ba0                . = ALIGN (0x4)
                0x0000000008000ba0                PROVIDE (__preinit_array_start = .)
 *(.preinit_array*)
                0x0000000008000ba0                PROVIDE (__preinit_array_end = .)
                0x0000000008000ba0                . = ALIGN (0x4)

.init_array     0x0000000008000ba0        0x4
                0x0000000008000ba0                . = ALIGN (0x4)
                0x0000000008000ba0                PROVIDE (__init_array_start = .)
 *(SORT_BY_NAME(.init_array.*))
 *(.init_array*)
 .init_array    0x0000000008000ba0        0x4 c:/st/stm32cubeide_1.0.2/stm32cubeide/plugins/com.st.stm32cube.ide.mcu.externaltools.gnu-tools-for-stm32.7-2018-q2-update.win32_1.0.0.201904181610/tools/bin/../lib/gcc/arm-none-eabi/7.3.1/thumb/v7e-m/fpv4-sp/hard/crtbegin.o
                0x0000000008000ba4                PROVIDE (__init_array_end = .)
                0x0000000008000ba4                . = ALIGN (0x4)

.fini_array     0x0000000008000ba4        0x4
                0x0000000008000ba4                . = ALIGN (0x4)
                [!provide]                        PROVIDE (__fini_array_start = .)
 *(SORT_BY_NAME(.fini_array.*))
 *(.fini_array*)
 .fini_array    0x0000000008000ba4        0x4 c:/st/stm32cubeide_1.0.2/stm32cubeide/plugins/com.st.stm32cube.ide.mcu.externaltools.gnu-tools-for-stm32.7-2018-q2-update.win32_1.0.0.201904181610/tools/bin/../lib/gcc/arm-none-eabi/7.3.1/thumb/v7e-m/fpv4-sp/hard/crtbegin.o
                [!provide]                        PROVIDE (__fini_array_end = .)
                0x0000000008000ba8                . = ALIGN (0x4)
                0x0000000008000ba8                _sidata = LOADADDR (.data)

.data           0x0000000020000000        0xc load address 0x0000000008000ba8
                0x0000000020000000                . = ALIGN (0x4)
                0x0000000020000000                _sdata = .
 *(.data)
 *(.data*)
 .data.pRCC     0x0000000020000000        0x4 drivers/Src/STM32F446RE_gpio_driver.o
                0x0000000020000000                pRCC
 .data.pEXTI    0x0000000020000004        0x4 drivers/Src/STM32F446RE_gpio_driver.o
                0x0000000020000004                pEXTI
 .data.pSYSCFG  0x0000000020000008        0x4 drivers/Src/STM32F446RE_gpio_driver.o
                0x0000000020000008                pSYSCFG
                0x000000002000000c                . = ALIGN (0x4)
                0x000000002000000c                _edata = .

.igot.plt       0x000000002000000c        0x0 load address 0x0000000008000bb4
 .igot.plt      0x000000002000000c        0x0 c:/st/stm32cubeide_1.0.2/stm32cubeide/plugins/com.st.stm32cube.ide.mcu.externaltools.gnu-tools-for-stm32.7-2018-q2-update.win32_1.0.0.201904181610/tools/bin/../lib/gcc/arm-none-eabi/7.3.1/thumb/v7e-m/fpv4-sp/hard/crtbegin.o
                0x000000002000000c                . = ALIGN (0x4)

.bss            0x000000002000000c       0x1c load address 0x0000000008000bb4
                0x000000002000000c                _sbss = .
                0x000000002000000c                __bss_start__ = _sbss
 *(.bss)
 .bss           0x000000002000000c       0x1c c:/st/stm32cubeide_1.0.2/stm32cubeide/plugins/com.st.stm32cube.ide.mcu.externaltools.gnu-tools-for-stm32.7-2018-q2-update.win32_1.0.0.201904181610/tools/bin/../lib/gcc/arm-none-eabi/7.3.1/thumb/v7e-m/fpv4-sp/hard/crtbegin.o
 *(.bss*)
 *(COMMON)
                0x0000000020000028                . = ALIGN (0x4)
                0x0000000020000028                _ebss = .
                0x0000000020000028                __bss_end__ = _ebss

._user_heap_stack
                0x0000000020000028      0x600 load address 0x0000000008000bb4
                0x0000000020000028                . = ALIGN (0x8)
                [!provide]                        PROVIDE (end = .)
                [!provide]                        PROVIDE (_end = .)
                0x0000000020000228                . = (. + _Min_Heap_Size)
 *fill*         0x0000000020000028      0x200 
                0x0000000020000628                . = (. + _Min_Stack_Size)
 *fill*         0x0000000020000228      0x400 
                0x0000000020000628                . = ALIGN (0x8)

/DISCARD/
 libc.a(*)
 libm.a(*)
 libgcc.a(*)

.ARM.attributes
                0x0000000000000000       0x30
 *(.ARM.attributes)
 .ARM.attributes
                0x0000000000000000       0x22 c:/st/stm32cubeide_1.0.2/stm32cubeide/plugins/com.st.stm32cube.ide.mcu.externaltools.gnu-tools-for-stm32.7-2018-q2-update.win32_1.0.0.201904181610/tools/bin/../lib/gcc/arm-none-eabi/7.3.1/thumb/v7e-m/fpv4-sp/hard/crti.o
 .ARM.attributes
                0x0000000000000022       0x34 c:/st/stm32cubeide_1.0.2/stm32cubeide/plugins/com.st.stm32cube.ide.mcu.externaltools.gnu-tools-for-stm32.7-2018-q2-update.win32_1.0.0.201904181610/tools/bin/../lib/gcc/arm-none-eabi/7.3.1/thumb/v7e-m/fpv4-sp/hard/crtbegin.o
 .ARM.attributes
                0x0000000000000056       0x39 Src/006spi_tx_testing.o
 .ARM.attributes
                0x000000000000008f       0x21 Startup/startup_stm32f446retx.o
 .ARM.attributes
                0x00000000000000b0       0x39 drivers/Src/STM32F446RE_SPI_Driver.o
 .ARM.attributes
                0x00000000000000e9       0x39 drivers/Src/STM32F446RE_gpio_driver.o
 .ARM.attributes
                0x0000000000000122       0x34 c:/st/stm32cubeide_1.0.2/stm32cubeide/plugins/com.st.stm32cube.ide.mcu.externaltools.gnu-tools-for-stm32.7-2018-q2-update.win32_1.0.0.201904181610/tools/bin/../lib/gcc/arm-none-eabi/7.3.1/../../../../arm-none-eabi/lib/thumb/v7e-m/fpv4-sp/hard\libc_nano.a(lib_a-init.o)
 .ARM.attributes
                0x0000000000000156       0x34 c:/st/stm32cubeide_1.0.2/stm32cubeide/plugins/com.st.stm32cube.ide.mcu.externaltools.gnu-tools-for-stm32.7-2018-q2-update.win32_1.0.0.201904181610/tools/bin/../lib/gcc/arm-none-eabi/7.3.1/../../../../arm-none-eabi/lib/thumb/v7e-m/fpv4-sp/hard\libc_nano.a(lib_a-memset.o)
 .ARM.attributes
                0x000000000000018a       0x1b c:/st/stm32cubeide_1.0.2/stm32cubeide/plugins/com.st.stm32cube.ide.mcu.externaltools.gnu-tools-for-stm32.7-2018-q2-update.win32_1.0.0.201904181610/tools/bin/../lib/gcc/arm-none-eabi/7.3.1/../../../../arm-none-eabi/lib/thumb/v7e-m/fpv4-sp/hard\libc_nano.a(lib_a-strlen.o)
 .ARM.attributes
                0x00000000000001a5       0x22 c:/st/stm32cubeide_1.0.2/stm32cubeide/plugins/com.st.stm32cube.ide.mcu.externaltools.gnu-tools-for-stm32.7-2018-q2-update.win32_1.0.0.201904181610/tools/bin/../lib/gcc/arm-none-eabi/7.3.1/thumb/v7e-m/fpv4-sp/hard/crtn.o
OUTPUT(STM32F446RE_Drivers.elf elf32-littlearm)

.debug_info     0x0000000000000000     0x22ea
 .debug_info    0x0000000000000000      0xf60 Src/006spi_tx_testing.o
 .debug_info    0x0000000000000f60       0x22 Startup/startup_stm32f446retx.o
 .debug_info    0x0000000000000f82      0x9f8 drivers/Src/STM32F446RE_SPI_Driver.o
 .debug_info    0x000000000000197a      0x970 drivers/Src/STM32F446RE_gpio_driver.o

.debug_abbrev   0x0000000000000000      0x4f6
 .debug_abbrev  0x0000000000000000      0x1ad Src/006spi_tx_testing.o
 .debug_abbrev  0x00000000000001ad       0x12 Startup/startup_stm32f446retx.o
 .debug_abbrev  0x00000000000001bf      0x1b3 drivers/Src/STM32F446RE_SPI_Driver.o
 .debug_abbrev  0x0000000000000372      0x184 drivers/Src/STM32F446RE_gpio_driver.o

.debug_aranges  0x0000000000000000      0x160
 .debug_aranges
                0x0000000000000000       0x30 Src/006spi_tx_testing.o
 .debug_aranges
                0x0000000000000030       0x28 Startup/startup_stm32f446retx.o
 .debug_aranges
                0x0000000000000058       0x90 drivers/Src/STM32F446RE_SPI_Driver.o
 .debug_aranges
                0x00000000000000e8       0x78 drivers/Src/STM32F446RE_gpio_driver.o

.debug_ranges   0x0000000000000000      0x128
 .debug_ranges  0x0000000000000000       0x20 Src/006spi_tx_testing.o
 .debug_ranges  0x0000000000000020       0x20 Startup/startup_stm32f446retx.o
 .debug_ranges  0x0000000000000040       0x80 drivers/Src/STM32F446RE_SPI_Driver.o
 .debug_ranges  0x00000000000000c0       0x68 drivers/Src/STM32F446RE_gpio_driver.o

.debug_macro    0x0000000000000000     0x219f
 .debug_macro   0x0000000000000000      0x153 Src/006spi_tx_testing.o
 .debug_macro   0x0000000000000153      0xa60 Src/006spi_tx_testing.o
 .debug_macro   0x0000000000000bb3       0x16 Src/006spi_tx_testing.o
 .debug_macro   0x0000000000000bc9       0x22 Src/006spi_tx_testing.o
 .debug_macro   0x0000000000000beb       0x8e Src/006spi_tx_testing.o
 .debug_macro   0x0000000000000c79       0x51 Src/006spi_tx_testing.o
 .debug_macro   0x0000000000000cca       0xef Src/006spi_tx_testing.o
 .debug_macro   0x0000000000000db9       0x6a Src/006spi_tx_testing.o
 .debug_macro   0x0000000000000e23      0x1df Src/006spi_tx_testing.o
 .debug_macro   0x0000000000001002      0x174 Src/006spi_tx_testing.o
 .debug_macro   0x0000000000001176      0x429 Src/006spi_tx_testing.o
 .debug_macro   0x000000000000159f       0xc4 Src/006spi_tx_testing.o
 .debug_macro   0x0000000000001663      0x1ab Src/006spi_tx_testing.o
 .debug_macro   0x000000000000180e       0x46 Src/006spi_tx_testing.o
 .debug_macro   0x0000000000001854       0x18 Src/006spi_tx_testing.o
 .debug_macro   0x000000000000186c       0x3c Src/006spi_tx_testing.o
 .debug_macro   0x00000000000018a8       0x34 Src/006spi_tx_testing.o
 .debug_macro   0x00000000000018dc       0x52 Src/006spi_tx_testing.o
 .debug_macro   0x000000000000192e       0x1f Src/006spi_tx_testing.o
 .debug_macro   0x000000000000194d       0x43 Src/006spi_tx_testing.o
 .debug_macro   0x0000000000001990       0x20 Src/006spi_tx_testing.o
 .debug_macro   0x00000000000019b0      0x1a3 Src/006spi_tx_testing.o
 .debug_macro   0x0000000000001b53      0x330 Src/006spi_tx_testing.o
 .debug_macro   0x0000000000001e83       0x10 Src/006spi_tx_testing.o
 .debug_macro   0x0000000000001e93       0x35 Src/006spi_tx_testing.o
 .debug_macro   0x0000000000001ec8       0x20 Src/006spi_tx_testing.o
 .debug_macro   0x0000000000001ee8       0x89 drivers/Src/STM32F446RE_SPI_Driver.o
 .debug_macro   0x0000000000001f71      0x1a5 drivers/Src/STM32F446RE_SPI_Driver.o
 .debug_macro   0x0000000000002116       0x89 drivers/Src/STM32F446RE_gpio_driver.o

.debug_line     0x0000000000000000     0x129a
 .debug_line    0x0000000000000000      0x5be Src/006spi_tx_testing.o
 .debug_line    0x00000000000005be       0x84 Startup/startup_stm32f446retx.o
 .debug_line    0x0000000000000642      0x619 drivers/Src/STM32F446RE_SPI_Driver.o
 .debug_line    0x0000000000000c5b      0x63f drivers/Src/STM32F446RE_gpio_driver.o

.debug_str      0x0000000000000000     0x95ba
 .debug_str     0x0000000000000000     0x92b8 Src/006spi_tx_testing.o
                                       0x9521 (size before relaxing)
 .debug_str     0x00000000000092b8       0x31 Startup/startup_stm32f446retx.o
                                         0x72 (size before relaxing)
 .debug_str     0x00000000000092e9      0x1a1 drivers/Src/STM32F446RE_SPI_Driver.o
                                       0x63ee (size before relaxing)
 .debug_str     0x000000000000948a      0x130 drivers/Src/STM32F446RE_gpio_driver.o
                                       0x60b8 (size before relaxing)

.comment        0x0000000000000000       0x7b
 .comment       0x0000000000000000       0x7b Src/006spi_tx_testing.o
                                         0x7c (size before relaxing)
 .comment       0x000000000000007b       0x7c drivers/Src/STM32F446RE_SPI_Driver.o
 .comment       0x000000000000007b       0x7c drivers/Src/STM32F446RE_gpio_driver.o

.debug_frame    0x0000000000000000      0x504
 .debug_frame   0x0000000000000000       0x78 Src/006spi_tx_testing.o
 .debug_frame   0x0000000000000078      0x250 drivers/Src/STM32F446RE_SPI_Driver.o
 .debug_frame   0x00000000000002c8      0x1f0 drivers/Src/STM32F446RE_gpio_driver.o
 .debug_frame   0x00000000000004b8       0x2c c:/st/stm32cubeide_1.0.2/stm32cubeide/plugins/com.st.stm32cube.ide.mcu.externaltools.gnu-tools-for-stm32.7-2018-q2-update.win32_1.0.0.201904181610/tools/bin/../lib/gcc/arm-none-eabi/7.3.1/../../../../arm-none-eabi/lib/thumb/v7e-m/fpv4-sp/hard\libc_nano.a(lib_a-init.o)
 .debug_frame   0x00000000000004e4       0x20 c:/st/stm32cubeide_1.0.2/stm32cubeide/plugins/com.st.stm32cube.ide.mcu.externaltools.gnu-tools-for-stm32.7-2018-q2-update.win32_1.0.0.201904181610/tools/bin/../lib/gcc/arm-none-eabi/7.3.1/../../../../arm-none-eabi/lib/thumb/v7e-m/fpv4-sp/hard\libc_nano.a(lib_a-memset.o)
